{
  "input": "/Users/bytedance/code/data-selection/output/midterm_v2/林肯达_中期答辩_论文重点版.pptx",
  "outputDir": "/Users/bytedance/code/data-selection/tmp/midterm_v2/final_render",
  "slideCount": 33,
  "paths": [
    "/Users/bytedance/code/data-selection/tmp/midterm_v2/final_render/slide-1.png",
    "/Users/bytedance/code/data-selection/tmp/midterm_v2/final_render/slide-2.png",
    "/Users/bytedance/code/data-selection/tmp/midterm_v2/final_render/slide-3.png",
    "/Users/bytedance/code/data-selection/tmp/midterm_v2/final_render/slide-4.png",
    "/Users/bytedance/code/data-selection/tmp/midterm_v2/final_render/slide-5.png",
    "/Users/bytedance/code/data-selection/tmp/midterm_v2/final_render/slide-6.png",
    "/Users/bytedance/code/data-selection/tmp/midterm_v2/final_render/slide-7.png",
    "/Users/bytedance/code/data-selection/tmp/midterm_v2/final_render/slide-8.png",
    "/Users/bytedance/code/data-selection/tmp/midterm_v2/final_render/slide-9.png",
    "/Users/bytedance/code/data-selection/tmp/midterm_v2/final_render/slide-10.png",
    "/Users/bytedance/code/data-selection/tmp/midterm_v2/final_render/slide-11.png",
    "/Users/bytedance/code/data-selection/tmp/midterm_v2/final_render/slide-12.png",
    "/Users/bytedance/code/data-selection/tmp/midterm_v2/final_render/slide-13.png",
    "/Users/bytedance/code/data-selection/tmp/midterm_v2/final_render/slide-14.png",
    "/Users/bytedance/code/data-selection/tmp/midterm_v2/final_render/slide-15.png",
    "/Users/bytedance/code/data-selection/tmp/midterm_v2/final_render/slide-16.png",
    "/Users/bytedance/code/data-selection/tmp/midterm_v2/final_render/slide-17.png",
    "/Users/bytedance/code/data-selection/tmp/midterm_v2/final_render/slide-18.png",
    "/Users/bytedance/code/data-selection/tmp/midterm_v2/final_render/slide-19.png",
    "/Users/bytedance/code/data-selection/tmp/midterm_v2/final_render/slide-20.png",
    "/Users/bytedance/code/data-selection/tmp/midterm_v2/final_render/slide-21.png",
    "/Users/bytedance/code/data-selection/tmp/midterm_v2/final_render/slide-22.png",
    "/Users/bytedance/code/data-selection/tmp/midterm_v2/final_render/slide-23.png",
    "/Users/bytedance/code/data-selection/tmp/midterm_v2/final_render/slide-24.png",
    "/Users/bytedance/code/data-selection/tmp/midterm_v2/final_render/slide-25.png",
    "/Users/bytedance/code/data-selection/tmp/midterm_v2/final_render/slide-26.png",
    "/Users/bytedance/code/data-selection/tmp/midterm_v2/final_render/slide-27.png",
    "/Users/bytedance/code/data-selection/tmp/midterm_v2/final_render/slide-28.png",
    "/Users/bytedance/code/data-selection/tmp/midterm_v2/final_render/slide-29.png",
    "/Users/bytedance/code/data-selection/tmp/midterm_v2/final_render/slide-30.png",
    "/Users/bytedance/code/data-selection/tmp/midterm_v2/final_render/slide-31.png",
    "/Users/bytedance/code/data-selection/tmp/midterm_v2/final_render/slide-32.png",
    "/Users/bytedance/code/data-selection/tmp/midterm_v2/final_render/slide-33.png"
  ]
}
